
> vite_react_shadcn_js@0.0.0 test
> vitest run

node.exe : [1m[43m DEPRECATED [49m[22m 
[33m"environmentMatchGlobs" is deprecated. Use 
`test.projects` to define different configurations 
instead.[39m
At C:\Program Files\nodejs\npm.ps1:29 char:3
+   & $NODE_EXE $NPM_CLI_JS $args
+   ~~~~~~~~~~~~~~~~~~~~~~~~~~~~~
    + CategoryInfo          : NotSpecified: ([1m 
   [43m DEPRE...s instead.[39m:String) [], Remot  
  eException
    + FullyQualifiedErrorId : NativeCommandError
 

[1m[46m RUN [49m[22m [36mv3.2.4 [39m[90mC:/Users/devan/OneDrive/Desktop/Rasoi/Rasoi[39m

 [32mΓ£ô[39m server/tests/billing.utils.test.js [2m([22m[2m6 tests[22m[2m)[22m[32m 8[2mms[22m[39m
 [32mΓ£ô[39m server/tests/auth.schemas.test.js [2m([22m[2m10 tests[22m[2m)[22m[32m 14[2mms[22m[39m
 [32mΓ£ô[39m server/tests/auth.middleware.test.js [2m([22m[2m4 tests[22m[2m)[22m[32m 36[2mms[22m[39m
 [32mΓ£ô[39m src/tests/Navbar.test.jsx [2m([22m[2m8 tests[22m[2m)[22m[32m 13[2mms[22m[39m
 [32mΓ£ô[39m src/tests/FeatureCard.test.jsx [2m([22m[2m5 tests[22m[2m)[22m[32m 95[2mms[22m[39m

[2m Test Files [22m [1m[32m5 passed[39m[22m[90m (5)[39m
[2m      Tests [22m [1m[32m33 passed[39m[22m[90m (33)[39m
[2m   Start at [22m 16:50:51
[2m   Duration [22m 4.51s[2m (transform 567ms, setup 1.69s, collect 1.59s, tests 166ms, environment 3.80s, prepare 4.61s)[22m

